// Jest Snapshot v1, https://goo.gl/fbAQLP

exports[`Render Form with checkbox | checkbox no rules 1`] = `
<form
  className="rfp-form"
>
  <div>
    <div>
      checkbox
    </div>
    <input
      checked={false}
      className="rfp-checkbox"
      id="checkbox"
      onBlur={[Function]}
      onChange={[Function]}
      onFocus={[Function]}
      type="checkbox"
      value={false}
    />
  </div>
  <div>
    <button
      className="rfp-button"
      disabled={false}
      id="submit"
      onClick={[Function]}
      onMouseEnter={[Function]}
      onMouseLeave={[Function]}
      type="submit"
    >
      submit
    </button>
  </div>
</form>
`;
