// Jest Snapshot v1, https://goo.gl/fbAQLP

exports[`Render Form with datetime-local input | datetime-local input all rules | onChange -> error label 1`] = `
<form
  className="rfp-form"
>
  <div>
    <div>
      datetime-local
    </div>
    <input
      className="rfp-input"
      id="datetime-local"
      onBlur={[Function]}
      onChange={[Function]}
      onFocus={[Function]}
      required={true}
      type="datetime-local"
      value=""
    />
  </div>
  <div>
    <button
      className="rfp-button"
      disabled={false}
      id="submit"
      onClick={[Function]}
      onMouseEnter={[Function]}
      onMouseLeave={[Function]}
      type="submit"
    >
      submit
    </button>
  </div>
</form>
`;
