// Jest Snapshot v1, https://goo.gl/fbAQLP

exports[`Render Form with email input | email input no rules 1`] = `
<form
  className="rfp-form"
>
  <div>
    <div>
      email
    </div>
    <input
      className="rfp-input"
      id="email"
      onBlur={[Function]}
      onChange={[Function]}
      onFocus={[Function]}
      type="email"
      value=""
    />
  </div>
  <div>
    <button
      className="rfp-button"
      disabled={false}
      id="submit"
      onClick={[Function]}
      onMouseEnter={[Function]}
      onMouseLeave={[Function]}
      type="submit"
    >
      submit
    </button>
  </div>
</form>
`;
