// Jest Snapshot v1, https://goo.gl/fbAQLP

exports[`Render Form with email input | email input all rules | onChange -> error label 1`] = `
<form
  enctype="application/x-www-form-urlencoded"
>
  <div>
    <div>
      email
    </div>
    <input
      className="rfp-input"
      id="email"
      invalid={false}
      onBlur={[Function]}
      onChange={[Function]}
      onFocus={[Function]}
      required={true}
      type="email"
      valid={false}
      value=""
    />
  </div>
  <div>
    <button
      className="rfp-button"
      disabled={false}
      id="submit"
      onClick={[Function]}
      type="submit"
    >
      submit
    </button>
  </div>
</form>
`;
