// Jest Snapshot v1, https://goo.gl/fbAQLP

exports[`Render Form with password input | password input no rules 1`] = `
<form
  enctype="application/x-www-form-urlencoded"
>
  <div>
    <div>
      password
    </div>
    <input
      className="rfp-input"
      id="password"
      invalid={false}
      onBlur={[Function]}
      onChange={[Function]}
      onFocus={[Function]}
      type="password"
      valid={false}
      value=""
    />
  </div>
  <div>
    <button
      className="rfp-button"
      disabled={false}
      id="submit"
      onClick={[Function]}
      type="submit"
    >
      submit
    </button>
  </div>
</form>
`;
