// Jest Snapshot v1, https://goo.gl/fbAQLP

exports[`Render Form with tel input | tel input all rules | onChange -> error label 1`] = `
<form>
  <div>
    <div>
      tel
    </div>
    <input
      bindToAlways={false}
      className="rfp-input"
      dynamic={false}
      id="tel"
      invalid={false}
      onBlur={[Function]}
      onChange={[Function]}
      onFocus={[Function]}
      required={true}
      type="tel"
      valid={false}
      value=""
    />
  </div>
  <div>
    <button
      className="rfp-button"
      disabled={false}
      id="submit"
      onClick={[Function]}
      onMouseEnter={[Function]}
      onMouseLeave={[Function]}
      type="submit"
    >
      submit
    </button>
  </div>
</form>
`;
