// Jest Snapshot v1, https://goo.gl/fbAQLP

exports[`Render Form with text input and pre filled value | should be valid 1`] = `
<form
  className="rfp-form"
>
  <input
    className="rfp-input"
    id="text"
    onBlur={[Function]}
    onChange={[Function]}
    onFocus={[Function]}
    required={true}
    type="text"
    value="Test"
  />
  <input
    className="rfp-input"
    id="text2"
    max="3"
    onBlur={[Function]}
    onChange={[Function]}
    onFocus={[Function]}
    type="text"
    value="Test2"
  />
</form>
`;
